%!Adobe-FontList 1.16
%Locale:0x412

%BeginFont
Handler:DirectoryHandler
FontType:Invalid
OutlineFileName:F:\개인작업\포트폴리오\Font\noto-sans-kr-v13-latin_korean-100.eot
FileModTime:1623865656
%EndFont

%BeginFont
Handler:DirectoryHandler
FontType:Invalid
OutlineFileName:F:\개인작업\포트폴리오\Font\noto-sans-kr-v13-latin_korean-100.svg
FileModTime:1623865656
%EndFont

%BeginFont
Handler:DirectoryHandler
FontType:Invalid
OutlineFileName:F:\개인작업\포트폴리오\Font\noto-sans-kr-v13-latin_korean-100.woff
FileModTime:1623865656
%EndFont

%BeginFont
Handler:DirectoryHandler
FontType:Invalid
OutlineFileName:F:\개인작업\포트폴리오\Font\noto-sans-kr-v13-latin_korean-100.woff2
FileModTime:1623865656
%EndFont

%BeginFont
Handler:DirectoryHandler
FontType:Invalid
OutlineFileName:F:\개인작업\포트폴리오\Font\noto-sans-kr-v13-latin_korean-300.eot
FileModTime:1623865656
%EndFont

%BeginFont
Handler:DirectoryHandler
FontType:Invalid
OutlineFileName:F:\개인작업\포트폴리오\Font\noto-sans-kr-v13-latin_korean-300.svg
FileModTime:1623865656
%EndFont

%BeginFont
Handler:DirectoryHandler
FontType:Invalid
OutlineFileName:F:\개인작업\포트폴리오\Font\noto-sans-kr-v13-latin_korean-300.woff
FileModTime:1623865656
%EndFont

%BeginFont
Handler:DirectoryHandler
FontType:Invalid
OutlineFileName:F:\개인작업\포트폴리오\Font\noto-sans-kr-v13-latin_korean-300.woff2
FileModTime:1623865656
%EndFont

%BeginFont
Handler:DirectoryHandler
FontType:Invalid
OutlineFileName:F:\개인작업\포트폴리오\Font\noto-sans-kr-v13-latin_korean-500.eot
FileModTime:1623865656
%EndFont

%BeginFont
Handler:DirectoryHandler
FontType:Invalid
OutlineFileName:F:\개인작업\포트폴리오\Font\noto-sans-kr-v13-latin_korean-500.svg
FileModTime:1623865656
%EndFont

%BeginFont
Handler:DirectoryHandler
FontType:Invalid
OutlineFileName:F:\개인작업\포트폴리오\Font\noto-sans-kr-v13-latin_korean-500.woff
FileModTime:1623865656
%EndFont

%BeginFont
Handler:DirectoryHandler
FontType:Invalid
OutlineFileName:F:\개인작업\포트폴리오\Font\noto-sans-kr-v13-latin_korean-500.woff2
FileModTime:1623865656
%EndFont

%BeginFont
Handler:DirectoryHandler
FontType:Invalid
OutlineFileName:F:\개인작업\포트폴리오\Font\noto-sans-kr-v13-latin_korean-700.eot
FileModTime:1623865656
%EndFont

%BeginFont
Handler:DirectoryHandler
FontType:Invalid
OutlineFileName:F:\개인작업\포트폴리오\Font\noto-sans-kr-v13-latin_korean-700.svg
FileModTime:1623865656
%EndFont

%BeginFont
Handler:DirectoryHandler
FontType:Invalid
OutlineFileName:F:\개인작업\포트폴리오\Font\noto-sans-kr-v13-latin_korean-700.woff
FileModTime:1623865656
%EndFont

%BeginFont
Handler:DirectoryHandler
FontType:Invalid
OutlineFileName:F:\개인작업\포트폴리오\Font\noto-sans-kr-v13-latin_korean-700.woff2
FileModTime:1623865656
%EndFont

%BeginFont
Handler:DirectoryHandler
FontType:Invalid
OutlineFileName:F:\개인작업\포트폴리오\Font\noto-sans-kr-v13-latin_korean-900.eot
FileModTime:1623865656
%EndFont

%BeginFont
Handler:DirectoryHandler
FontType:Invalid
OutlineFileName:F:\개인작업\포트폴리오\Font\noto-sans-kr-v13-latin_korean-900.svg
FileModTime:1623865656
%EndFont

%BeginFont
Handler:DirectoryHandler
FontType:Invalid
OutlineFileName:F:\개인작업\포트폴리오\Font\noto-sans-kr-v13-latin_korean-900.woff
FileModTime:1623865656
%EndFont

%BeginFont
Handler:DirectoryHandler
FontType:Invalid
OutlineFileName:F:\개인작업\포트폴리오\Font\noto-sans-kr-v13-latin_korean-900.woff2
FileModTime:1623865656
%EndFont

%BeginFont
Handler:DirectoryHandler
FontType:Invalid
OutlineFileName:F:\개인작업\포트폴리오\Font\noto-sans-kr-v13-latin_korean-regular.eot
FileModTime:1623865656
%EndFont

%BeginFont
Handler:DirectoryHandler
FontType:Invalid
OutlineFileName:F:\개인작업\포트폴리오\Font\noto-sans-kr-v13-latin_korean-regular.svg
FileModTime:1623865656
%EndFont

%BeginFont
Handler:DirectoryHandler
FontType:Invalid
OutlineFileName:F:\개인작업\포트폴리오\Font\noto-sans-kr-v13-latin_korean-regular.woff
FileModTime:1623865656
%EndFont

%BeginFont
Handler:DirectoryHandler
FontType:Invalid
OutlineFileName:F:\개인작업\포트폴리오\Font\noto-sans-kr-v13-latin_korean-regular.woff2
FileModTime:1623865656
%EndFont

